This is XeTeX, Version 3.141592653-2.6-0.999998 (TeX Live 2026) (preloaded format=xelatex)
 restricted \write18 enabled.
entering extended mode
(./main.tex
LaTeX2e <2025-11-01>
L3 programming layer <2026-01-19>
(/usr/local/texlive/2026basic/texmf-dist/tex/latex/ctex/ctexart.cls
(/usr/local/texlive/2026basic/texmf-dist/tex/latex/ctex/config/ctexbackend.cfg)
 (/usr/local/texlive/2026basic/texmf-dist/tex/latex/l3kernel/expl3.sty
(/usr/local/texlive/2026basic/texmf-dist/tex/latex/l3backend/l3backend-xetex.de
f))
Document Class: ctexart 2022/07/14 v2.5.10 Chinese adapter for class article (C
TEX)
(/usr/local/texlive/2026basic/texmf-dist/tex/latex/ctex/ctexhook.sty)
(/usr/local/texlive/2026basic/texmf-dist/tex/latex/ctex/ctexpatch.sty)
(/usr/local/texlive/2026basic/texmf-dist/tex/latex/base/fix-cm.sty
(/usr/local/texlive/2026basic/texmf-dist/tex/latex/base/ts1enc.def))
(/usr/local/texlive/2026basic/texmf-dist/tex/latex/ctex/config/ctexopts.cfg)
(/usr/local/texlive/2026basic/texmf-dist/tex/latex/base/article.cls
Document Class: article 2025/01/22 v1.4n Standard LaTeX document class
(/usr/local/texlive/2026basic/texmf-dist/tex/latex/base/size12.clo))
(/usr/local/texlive/2026basic/texmf-dist/tex/latex/ctex/engine/ctex-engine-xete
x.def (/usr/local/texlive/2026basic/texmf-dist/tex/xelatex/xecjk/xeCJK.sty
(/usr/local/texlive/2026basic/texmf-dist/tex/latex/l3packages/xtemplate/xtempla
te.sty)
(/usr/local/texlive/2026basic/texmf-dist/tex/latex/fontspec/fontspec.sty
(/usr/local/texlive/2026basic/texmf-dist/tex/latex/l3packages/xparse/xparse.sty
)
(/usr/local/texlive/2026basic/texmf-dist/tex/latex/fontspec/fontspec-xetex.sty
(/usr/local/texlive/2026basic/texmf-dist/tex/latex/base/fontenc.sty)
(/usr/local/texlive/2026basic/texmf-dist/tex/latex/fontspec/fontspec.cfg)))
(/usr/local/texlive/2026basic/texmf-dist/tex/xelatex/xecjk/xeCJK.cfg)))
(/usr/local/texlive/2026basic/texmf-dist/tex/latex/zhnumber/zhnumber.sty
(/usr/local/texlive/2026basic/texmf-dist/tex/latex/zhnumber/zhnumber-utf8.cfg))

(/usr/local/texlive/2026basic/texmf-dist/tex/latex/ctex/scheme/ctex-scheme-chin
ese-article.def
(/usr/local/texlive/2026basic/texmf-dist/tex/latex/ctex/config/ctex-name-utf8.c
fg)) (/usr/local/texlive/2026basic/texmf-dist/tex/latex/ctex/ctex-cs4size.clo)
(/usr/local/texlive/2026basic/texmf-dist/tex/latex/ctex/fontset/ctex-fontset-fa
ndol.def))
(/usr/local/texlive/2026basic/texmf-dist/tex/latex/ctex/config/ctex.cfg)
(/usr/local/texlive/2026basic/texmf-dist/tex/latex/amsmath/amsmath.sty
For additional information on amsmath, use the `?' option.
(/usr/local/texlive/2026basic/texmf-dist/tex/latex/amsmath/amstext.sty
(/usr/local/texlive/2026basic/texmf-dist/tex/latex/amsmath/amsgen.sty))
(/usr/local/texlive/2026basic/texmf-dist/tex/latex/amsmath/amsbsy.sty)
(/usr/local/texlive/2026basic/texmf-dist/tex/latex/amsmath/amsopn.sty))
(/usr/local/texlive/2026basic/texmf-dist/tex/latex/amsfonts/amssymb.sty
(/usr/local/texlive/2026basic/texmf-dist/tex/latex/amsfonts/amsfonts.sty))
(/usr/local/texlive/2026basic/texmf-dist/tex/latex/mathtools/mathtools.sty
(/usr/local/texlive/2026basic/texmf-dist/tex/latex/graphics/keyval.sty)
(/usr/local/texlive/2026basic/texmf-dist/tex/latex/tools/calc.sty)
(/usr/local/texlive/2026basic/texmf-dist/tex/latex/mathtools/mhsetup.sty))
(/usr/local/texlive/2026basic/texmf-dist/tex/latex/tools/bm.sty)
(/usr/local/texlive/2026basic/texmf-dist/tex/latex/graphics/graphicx.sty
(/usr/local/texlive/2026basic/texmf-dist/tex/latex/graphics/graphics.sty
(/usr/local/texlive/2026basic/texmf-dist/tex/latex/graphics/trig.sty)
(/usr/local/texlive/2026basic/texmf-dist/tex/latex/graphics-cfg/graphics.cfg)
(/usr/local/texlive/2026basic/texmf-dist/tex/latex/graphics-def/xetex.def)))
(/usr/local/texlive/2026basic/texmf-dist/tex/latex/xcolor/xcolor.sty
(/usr/local/texlive/2026basic/texmf-dist/tex/latex/graphics-cfg/color.cfg)
(/usr/local/texlive/2026basic/texmf-dist/tex/latex/graphics/mathcolor.ltx))
(/usr/local/texlive/2026basic/texmf-dist/tex/latex/listings/listings.sty
(/usr/local/texlive/2026basic/texmf-dist/tex/latex/listings/lstpatch.sty)
(/usr/local/texlive/2026basic/texmf-dist/tex/latex/listings/lstmisc.sty)
(/usr/local/texlive/2026basic/texmf-dist/tex/latex/listings/listings.cfg))
(/usr/local/texlive/2026basic/texmf-dist/tex/xelatex/xecjk/xeCJK-listings.sty)
==> First Aid for listings.sty no longer applied!
    Expected:
        2024/09/23 1.10c (Carsten Heinz)
    but found:
        2025/11/14 1.11b (Carsten Heinz)
    so I'm assuming it got fixed.
(/usr/local/texlive/2026basic/texmf-dist/tex/latex/booktabs/booktabs.sty)
(/usr/local/texlive/2026basic/texmf-dist/tex/latex/tools/array.sty)
(/usr/local/texlive/2026basic/texmf-dist/tex/latex/float/float.sty)
(/usr/local/texlive/2026basic/texmf-dist/tex/latex/caption/caption.sty
(/usr/local/texlive/2026basic/texmf-dist/tex/latex/caption/caption3.sty))
(/usr/local/texlive/2026basic/texmf-dist/tex/latex/caption/subcaption.sty)
(/usr/local/texlive/2026basic/texmf-dist/tex/latex/natbib/natbib.sty)
(/usr/local/texlive/2026basic/texmf-dist/tex/latex/geometry/geometry.sty
(/usr/local/texlive/2026basic/texmf-dist/tex/generic/iftex/ifvtex.sty
(/usr/local/texlive/2026basic/texmf-dist/tex/generic/iftex/iftex.sty)))
(/usr/local/texlive/2026basic/texmf-dist/tex/latex/hyperref/hyperref.sty
(/usr/local/texlive/2026basic/texmf-dist/tex/latex/kvsetkeys/kvsetkeys.sty)
(/usr/local/texlive/2026basic/texmf-dist/tex/generic/kvdefinekeys/kvdefinekeys.
sty)
(/usr/local/texlive/2026basic/texmf-dist/tex/generic/pdfescape/pdfescape.sty
(/usr/local/texlive/2026basic/texmf-dist/tex/generic/ltxcmds/ltxcmds.sty)
(/usr/local/texlive/2026basic/texmf-dist/tex/generic/pdftexcmds/pdftexcmds.sty
(/usr/local/texlive/2026basic/texmf-dist/tex/generic/infwarerr/infwarerr.sty)))
 (/usr/local/texlive/2026basic/texmf-dist/tex/latex/hycolor/hycolor.sty)
(/usr/local/texlive/2026basic/texmf-dist/tex/latex/hyperref/nameref.sty
(/usr/local/texlive/2026basic/texmf-dist/tex/latex/refcount/refcount.sty)
(/usr/local/texlive/2026basic/texmf-dist/tex/generic/gettitlestring/gettitlestr
ing.sty
(/usr/local/texlive/2026basic/texmf-dist/tex/latex/kvoptions/kvoptions.sty)))
(/usr/local/texlive/2026basic/texmf-dist/tex/latex/etoolbox/etoolbox.sty)
(/usr/local/texlive/2026basic/texmf-dist/tex/generic/stringenc/stringenc.sty)
(/usr/local/texlive/2026basic/texmf-dist/tex/latex/hyperref/pd1enc.def)
(/usr/local/texlive/2026basic/texmf-dist/tex/generic/intcalc/intcalc.sty)
(/usr/local/texlive/2026basic/texmf-dist/tex/latex/hyperref/puenc.def)
(/usr/local/texlive/2026basic/texmf-dist/tex/latex/url/url.sty)
(/usr/local/texlive/2026basic/texmf-dist/tex/generic/bitset/bitset.sty
(/usr/local/texlive/2026basic/texmf-dist/tex/generic/bigintcalc/bigintcalc.sty)
)) (/usr/local/texlive/2026basic/texmf-dist/tex/latex/hyperref/hxetex.def
(/usr/local/texlive/2026basic/texmf-dist/tex/latex/rerunfilecheck/rerunfilechec
k.sty
(/usr/local/texlive/2026basic/texmf-dist/tex/generic/uniquecounter/uniquecounte
r.sty)))
(/usr/local/texlive/2026basic/texmf-dist/tex/latex/listings/lstlang1.sty)
(output/main.aux)
*geometry* driver: auto-detecting
*geometry* detected driver: xetex
(output/main.out) (output/main.out)
(/usr/local/texlive/2026basic/texmf-dist/tex/latex/amsfonts/umsa.fd)
(/usr/local/texlive/2026basic/texmf-dist/tex/latex/amsfonts/umsb.fd)
(./sections/abstract.tex) (./sections/introduction.tex)
(./sections/camera_model_epipolar_geometry.tex [1] [2])
(./sections/rectification_camera_matrices.tex [3])
(./sections/rectifying_transformation.tex [4])
(./sections/rectification_algorithm.tex [5])
(./sections/experimental_results.tex [6] [7] [8] [9] [10] [11] [12] [13])
(./sections/conclusion.tex) (./sections/acknowledgements.tex) (output/main.bbl
[14]) [15] (output/main.aux) )
Output written on output/main.pdf (15 pages).
Transcript written on output/main.log.
