\BOOKMARK [1][-]{section.1}{\376\377\133\236\232\214\166\356\166\204}{}% 1
\BOOKMARK [1][-]{section.2}{\376\377\133\236\232\214\123\237\164\006}{}% 2
\BOOKMARK [2][-]{subsection.2.1}{\376\377\127\120\150\007\174\373\116\016\224\210\133\124\142\020\120\317\152\041\127\213}{section.2}% 3
\BOOKMARK [2][-]{subsection.2.2}{\376\377\225\134\131\064\165\170\123\330\152\041\127\213}{section.2}% 4
\BOOKMARK [2][-]{subsection.2.3}{\376\377\136\163\227\142\150\007\133\232\116\016\137\040\153\143\123\313\154\325\140\035\140\363}{section.2}% 5
\BOOKMARK [2][-]{subsection.2.4}{\376\377\221\315\142\225\137\161\213\357\135\356}{section.2}% 6
\BOOKMARK [1][-]{section.3}{\376\377\133\236\232\214\163\257\130\203}{}% 7
\BOOKMARK [1][-]{section.4}{\376\377\133\236\232\214\145\160\143\156\221\307\226\306}{}% 8
\BOOKMARK [2][-]{subsection.4.1}{\376\377\150\007\133\232\147\177\116\016\127\120\150\007\176\246\133\232}{section.4}% 9
\BOOKMARK [2][-]{subsection.4.2}{\376\377\142\315\144\104\211\201\154\102}{section.4}% 10
\BOOKMARK [1][-]{section.5}{\376\377\133\236\232\214\153\145\232\244}{}% 11
\BOOKMARK [1][-]{section.6}{\376\377\172\013\136\217\213\276\213\241}{}% 12
\BOOKMARK [2][-]{subsection.6.1}{\376\377\217\223\121\145\060\001\221\115\177\156\116\016\217\223\121\372}{section.6}% 13
\BOOKMARK [2][-]{subsection.6.2}{\376\377\150\070\137\303\213\241\173\227}{section.6}% 14
\BOOKMARK [2][-]{subsection.6.3}{\376\377\123\357\131\015\122\066\166\204\217\320\210\114\124\175\116\344}{section.6}% 15
\BOOKMARK [2][-]{subsection.6.4}{\376\377\176\323\147\234\143\001\116\105\123\026\116\016\123\357\131\015\150\070\140\047}{section.6}% 16
\BOOKMARK [1][-]{section.7}{\376\377\133\236\232\214\176\323\147\234}{}% 17
\BOOKMARK [2][-]{subsection.7.1}{\376\377\176\323\147\234\126\376\116\016\145\207\116\366\213\260\137\125}{section.7}% 18
\BOOKMARK [1][-]{section.8}{\376\377\176\323\147\234\122\006\147\220}{}% 19
\BOOKMARK [2][-]{subsection.8.1}{\376\377\121\205\123\302\124\010\164\006\140\047}{section.8}% 20
\BOOKMARK [2][-]{subsection.8.2}{\376\377\165\170\123\330\116\016\213\357\135\356}{section.8}% 21
\BOOKMARK [2][-]{subsection.8.3}{\376\377\145\160\143\156\215\050\221\317\116\016\131\377\140\001\211\206\166\326}{section.8}% 22
\BOOKMARK [1][-]{section.9}{\376\377\133\236\232\214\176\323\213\272}{}% 23
